{"type":"server-started","port":57687,"host":"127.0.0.1","url_host":"localhost","url":"http://localhost:57687","screen_dir":"/home/slouch/github/slouch/.superpowers/brainstorm/7927-1780900188/content","state_dir":"/home/slouch/github/slouch/.superpowers/brainstorm/7927-1780900188/state"}
{"type":"screen-added","file":"/home/slouch/github/slouch/.superpowers/brainstorm/7927-1780900188/content/style-choice.html"}
{"source":"user-event","type":"click","text":"SLOUCH\n        \n        \n          摄影作品\n          \n            \n            \n            \n          \n        \n      \n    \n    \n      极简主义风格\n      大量留白、干净线条、专注内容本身。适合展示高质量摄影作品，让图片成为主角。\n      \n        优点高端专业感加载快速突出摄影作品\n        缺点需要高质量图片设计需要精准","choice":"minimalist","id":null,"timestamp":1780900180653}
{"type":"screen-added","file":"/home/slouch/github/slouch/.superpowers/brainstorm/7927-1780900188/content/color-tone.html"}
{"source":"user-event","type":"click","text":"浅色调\n      明亮、通透、干净的阅读体验","choice":"light","id":null,"timestamp":1780900268149}
{"source":"user-event","type":"click","text":"深色调\n      沉浸、聚焦、让图片成为焦点","choice":"dark","id":null,"timestamp":1780900269053}
{"source":"user-event","type":"click","text":"浅色调\n      明亮、通透、干净的阅读体验","choice":"light","id":null,"timestamp":1780900271278}
{"type":"screen-added","file":"/home/slouch/github/slouch/.superpowers/brainstorm/7927-1780900188/content/navigation.html"}
{"source":"user-event","type":"click","text":"SLOUCH\n          \n            \n            \n            \n            \n          \n        \n        \n          \n            \n            \n            \n            \n            \n            \n          \n        \n      \n    \n    \n      多页面导航式\n      独立页面：摄影作品 / GitHub项目 / 博客 / 关于我","choice":"multi-page","id":null,"timestamp":1780900349724}
{"type":"screen-added","file":"/home/slouch/github/slouch/.superpowers/brainstorm/7927-1780900188/content/waiting.html"}
{"type":"screen-added","file":"/home/slouch/github/slouch/.superpowers/brainstorm/7927-1780900188/content/architecture.html"}
{"type":"screen-added","file":"/home/slouch/github/slouch/.superpowers/brainstorm/7927-1780900188/content/architecture-v2.html"}
{"type":"screen-added","file":"/home/slouch/github/slouch/.superpowers/brainstorm/7927-1780900188/content/frontend-home.html"}
{"type":"screen-added","file":"/home/slouch/github/slouch/.superpowers/brainstorm/7927-1780900188/content/frontend-home-v2.html"}
{"type":"screen-added","file":"/home/slouch/github/slouch/.superpowers/brainstorm/7927-1780900188/content/frontend-home-v3.html"}
{"type":"screen-added","file":"/home/slouch/github/slouch/.superpowers/brainstorm/7927-1780900188/content/frontend-home-v4.html"}
{"type":"screen-added","file":"/home/slouch/github/slouch/.superpowers/brainstorm/7927-1780900188/content/film-style.html"}
{"type":"screen-added","file":"/home/slouch/github/slouch/.superpowers/brainstorm/7927-1780900188/content/film-real-ratio.html"}
{"type":"screen-added","file":"/home/slouch/github/slouch/.superpowers/brainstorm/7927-1780900188/content/film-real-ratio-v2.html"}
{"type":"screen-added","file":"/home/slouch/github/slouch/.superpowers/brainstorm/7927-1780900188/content/film-corrected.html"}
{"type":"screen-updated","file":"/home/slouch/github/slouch/.superpowers/brainstorm/7927-1780900188/content/film-corrected.html"}
{"type":"server-stopped","reason":"owner process exited"}
